Notice: ffmpeg is not installed. torchaudio is used to load audio
If you want to use ffmpeg backend to load audio, please install it by:
	sudo apt install ffmpeg # ubuntu
	# brew install ffmpeg # mac
funasr version: 1.3.29.
funasr version: 1.3.29.
[001/250] 普通话 UNKNOWN
[002/250] 普通话 KEEP_LANE
[003/250] 普通话 SET_SPEED
[004/250] 普通话 EMERGENCY_STOP
[005/250] 普通话 CHANGE_LANE
[006/250] 普通话 AVOID_OBSTACLE
[007/250] 普通话 UNKNOWN
[008/250] 普通话 STOP
[009/250] 普通话 AVOID_OBSTACLE
[010/250] 普通话 CHANGE_LANE
[011/250] 普通话 EMERGENCY_STOP
[012/250] 普通话 SPEED_UP
[013/250] 普通话 STOP
[014/250] 普通话 SLOW_DOWN
[015/250] 普通话 AVOID_OBSTACLE
[016/250] 普通话 EMERGENCY_STOP
[017/250] 普通话 PULL_OVER
[018/250] 普通话 EMERGENCY_STOP
[019/250] 普通话 SET_SPEED
[020/250] 普通话 UNKNOWN
[021/250] 普通话 KEEP_LANE
[022/250] 普通话 SLOW_DOWN
[023/250] 普通话 SET_SPEED
[024/250] 普通话 SPEED_UP
[025/250] 普通话 STOP
[026/250] 普通话 SPEED_UP
[027/250] 普通话 SLOW_DOWN
[028/250] 普通话 SET_SPEED
[029/250] 普通话 SPEED_UP
[030/250] 普通话 PULL_OVER
[031/250] 普通话 STOP
[032/250] 普通话 AVOID_OBSTACLE
[033/250] 普通话 UNKNOWN
[034/250] 普通话 PULL_OVER
[035/250] 普通话 AVOID_OBSTACLE
[036/250] 普通话 EMERGENCY_STOP
[037/250] 普通话 STOP
[038/250] 普通话 KEEP_LANE
[039/250] 普通话 SET_SPEED
[040/250] 普通话 EMERGENCY_STOP
[041/250] 普通话 PULL_OVER
[042/250] 普通话 AVOID_OBSTACLE
[043/250] 普通话 EMERGENCY_STOP
[044/250] 普通话 SET_SPEED
[045/250] 普通话 SET_SPEED
[046/250] 普通话 SET_SPEED
[047/250] 普通话 EMERGENCY_STOP
[048/250] 普通话 SET_SPEED
[049/250] 普通话 SPEED_UP
[050/250] 普通话 STOP
[051/250] 东北话 UNKNOWN
[052/250] 东北话 SET_SPEED
[053/250] 东北话 EMERGENCY_STOP
[054/250] 东北话 UNKNOWN
[055/250] 东北话 STOP
[056/250] 东北话 CHANGE_LANE
[057/250] 东北话 SPEED_UP
[058/250] 东北话 EMERGENCY_STOP
[059/250] 东北话 UNKNOWN
[060/250] 东北话 SLOW_DOWN
[061/250] 东北话 SPEED_UP
[062/250] 东北话 SET_SPEED
[063/250] 东北话 STOP
[064/250] 东北话 UNKNOWN
[065/250] 东北话 PULL_OVER
[066/250] 东北话 SET_SPEED
[067/250] 东北话 EMERGENCY_STOP
[068/250] 东北话 SPEED_UP
[069/250] 东北话 PULL_OVER
[070/250] 东北话 CHANGE_LANE
[071/250] 东北话 STOP
[072/250] 东北话 UNKNOWN
[073/250] 东北话 SPEED_UP
[074/250] 东北话 CHANGE_LANE
[075/250] 东北话 EMERGENCY_STOP
[076/250] 东北话 SPEED_UP
[077/250] 东北话 CHANGE_LANE
[078/250] 东北话 SPEED_UP
[079/250] 东北话 AVOID_OBSTACLE
[080/250] 东北话 AVOID_OBSTACLE
[081/250] 东北话 PULL_OVER
[082/250] 东北话 UNKNOWN
[083/250] 东北话 AVOID_OBSTACLE
[084/250] 东北话 UNKNOWN
[085/250] 东北话 SET_SPEED
[086/250] 东北话 AVOID_OBSTACLE
[087/250] 东北话 SPEED_UP
[088/250] 东北话 SPEED_UP
[089/250] 东北话 PULL_OVER
[090/250] 东北话 KEEP_LANE
[091/250] 东北话 UNKNOWN
[092/250] 东北话 PULL_OVER
[093/250] 东北话 PULL_OVER
[094/250] 东北话 EMERGENCY_STOP
[095/250] 东北话 SET_SPEED
[096/250] 东北话 PULL_OVER
[097/250] 东北话 SET_SPEED
[098/250] 东北话 UNKNOWN
[099/250] 东北话 SET_SPEED
[100/250] 东北话 STOP
[101/250] 陕西话 UNKNOWN
[102/250] 陕西话 KEEP_LANE
[103/250] 陕西话 EMERGENCY_STOP
[104/250] 陕西话 AVOID_OBSTACLE
[105/250] 陕西话 UNKNOWN
[106/250] 陕西话 AVOID_OBSTACLE
[107/250] 陕西话 CHANGE_LANE
[108/250] 陕西话 UNKNOWN
[109/250] 陕西话 KEEP_LANE
[110/250] 陕西话 STOP
[111/250] 陕西话 SPEED_UP
[112/250] 陕西话 SET_SPEED
[113/250] 陕西话 SPEED_UP
[114/250] 陕西话 PULL_OVER
[115/250] 陕西话 STOP
[116/250] 陕西话 EMERGENCY_STOP
[117/250] 陕西话 PULL_OVER
[118/250] 陕西话 EMERGENCY_STOP
[119/250] 陕西话 SET_SPEED
[120/250] 陕西话 SET_SPEED
[121/250] 陕西话 PULL_OVER
[122/250] 陕西话 CHANGE_LANE
[123/250] 陕西话 STOP
[124/250] 陕西话 SPEED_UP
[125/250] 陕西话 AVOID_OBSTACLE
[126/250] 陕西话 AVOID_OBSTACLE
[127/250] 陕西话 AVOID_OBSTACLE
[128/250] 陕西话 SET_SPEED
[129/250] 陕西话 UNKNOWN
[130/250] 陕西话 SLOW_DOWN
[131/250] 陕西话 SPEED_UP
[132/250] 陕西话 SPEED_UP
[133/250] 陕西话 SLOW_DOWN
[134/250] 陕西话 STOP
[135/250] 陕西话 PULL_OVER
[136/250] 陕西话 PULL_OVER
[137/250] 陕西话 STOP
[138/250] 陕西话 EMERGENCY_STOP
[139/250] 陕西话 KEEP_LANE
[140/250] 陕西话 AVOID_OBSTACLE
[141/250] 陕西话 SPEED_UP
[142/250] 陕西话 STOP
[143/250] 陕西话 SET_SPEED
[144/250] 陕西话 STOP
[145/250] 陕西话 EMERGENCY_STOP
[146/250] 陕西话 UNKNOWN
[147/250] 陕西话 SET_SPEED
[148/250] 陕西话 CHANGE_LANE
[149/250] 陕西话 KEEP_LANE
[150/250] 陕西话 EMERGENCY_STOP
[151/250] 粤语 KEEP_LANE
[152/250] 粤语 SET_SPEED
[153/250] 粤语 UNKNOWN
[154/250] 粤语 STOP
[155/250] 粤语 AVOID_OBSTACLE
[156/250] 粤语 EMERGENCY_STOP
[157/250] 粤语 KEEP_LANE
[158/250] 粤语 SLOW_DOWN
[159/250] 粤语 SLOW_DOWN
[160/250] 粤语 PULL_OVER
[161/250] 粤语 AVOID_OBSTACLE
[162/250] 粤语 PULL_OVER
[163/250] 粤语 KEEP_LANE
[164/250] 粤语 PULL_OVER
[165/250] 粤语 AVOID_OBSTACLE
[166/250] 粤语 EMERGENCY_STOP
[167/250] 粤语 EMERGENCY_STOP
[168/250] 粤语 CHANGE_LANE
[169/250] 粤语 AVOID_OBSTACLE
[170/250] 粤语 SET_SPEED
[171/250] 粤语 CHANGE_LANE
[172/250] 粤语 UNKNOWN
[173/250] 粤语 SPEED_UP
[174/250] 粤语 AVOID_OBSTACLE
[175/250] 粤语 PULL_OVER
[176/250] 粤语 UNKNOWN
[177/250] 粤语 SET_SPEED
[178/250] 粤语 AVOID_OBSTACLE
[179/250] 粤语 UNKNOWN
[180/250] 粤语 SPEED_UP
[181/250] 粤语 SPEED_UP
[182/250] 粤语 PULL_OVER
[183/250] 粤语 AVOID_OBSTACLE
[184/250] 粤语 KEEP_LANE
[185/250] 粤语 UNKNOWN
[186/250] 粤语 PULL_OVER
[187/250] 粤语 SET_SPEED
[188/250] 粤语 STOP
[189/250] 粤语 UNKNOWN
[190/250] 粤语 PULL_OVER
[191/250] 粤语 SET_SPEED
[192/250] 粤语 SPEED_UP
[193/250] 粤语 STOP
[194/250] 粤语 PULL_OVER
[195/250] 粤语 STOP
[196/250] 粤语 PULL_OVER
[197/250] 粤语 KEEP_LANE
[198/250] 粤语 SET_SPEED
[199/250] 粤语 EMERGENCY_STOP
[200/250] 粤语 UNKNOWN
[201/250] 台湾国语 SET_SPEED
[202/250] 台湾国语 AVOID_OBSTACLE
[203/250] 台湾国语 CHANGE_LANE
[204/250] 台湾国语 AVOID_OBSTACLE
[205/250] 台湾国语 EMERGENCY_STOP
[206/250] 台湾国语 PULL_OVER
[207/250] 台湾国语 SLOW_DOWN
[208/250] 台湾国语 SET_SPEED
[209/250] 台湾国语 SPEED_UP
[210/250] 台湾国语 SLOW_DOWN
[211/250] 台湾国语 PULL_OVER
[212/250] 台湾国语 PULL_OVER
[213/250] 台湾国语 AVOID_OBSTACLE
[214/250] 台湾国语 STOP
[215/250] 台湾国语 KEEP_LANE
[216/250] 台湾国语 SET_SPEED
[217/250] 台湾国语 PULL_OVER
[218/250] 台湾国语 SET_SPEED
[219/250] 台湾国语 EMERGENCY_STOP
[220/250] 台湾国语 SET_SPEED
[221/250] 台湾国语 CHANGE_LANE
[222/250] 台湾国语 PULL_OVER
[223/250] 台湾国语 STOP
[224/250] 台湾国语 EMERGENCY_STOP
[225/250] 台湾国语 AVOID_OBSTACLE
[226/250] 台湾国语 AVOID_OBSTACLE
[227/250] 台湾国语 AVOID_OBSTACLE
[228/250] 台湾国语 SET_SPEED
[229/250] 台湾国语 AVOID_OBSTACLE
[230/250] 台湾国语 UNKNOWN
[231/250] 台湾国语 SET_SPEED
[232/250] 台湾国语 SPEED_UP
[233/250] 台湾国语 UNKNOWN
[234/250] 台湾国语 UNKNOWN
[235/250] 台湾国语 PULL_OVER
[236/250] 台湾国语 SET_SPEED
[237/250] 台湾国语 PULL_OVER
[238/250] 台湾国语 SET_SPEED
[239/250] 台湾国语 STOP
[240/250] 台湾国语 AVOID_OBSTACLE
[241/250] 台湾国语 SPEED_UP
[242/250] 台湾国语 CHANGE_LANE
[243/250] 台湾国语 STOP
[244/250] 台湾国语 PULL_OVER
[245/250] 台湾国语 STOP
[246/250] 台湾国语 SLOW_DOWN
[247/250] 台湾国语 AVOID_OBSTACLE
[248/250] 台湾国语 AVOID_OBSTACLE
[249/250] 台湾国语 STOP
[250/250] 台湾国语 SPEED_UP
{
  "total": 250,
  "inference_success": 250,
  "asr_confidence_available": 0,
  "asr_confidence_coverage": 0.0,
  "asr_exact_accuracy": 0.956,
  "asr_character_accuracy": 0.992445,
  "intent_accuracy": 0.996,
  "slot_accuracy": 0.992,
  "latency": {
    "asr_ms": {
      "count": 250,
      "mean_ms": 91.256,
      "p95_ms": 109.0,
      "p99_ms": 172.0,
      "max_ms": 172.0
    },
    "nlu_ms": {
      "count": 250,
      "mean_ms": 0.064,
      "p95_ms": 0.0,
      "p99_ms": 0.0,
      "max_ms": 16.0
    },
    "total_ms": {
      "count": 250,
      "mean_ms": 91.32,
      "p95_ms": 109.0,
      "p99_ms": 172.0,
      "max_ms": 172.0
    }
  }
}
evidence: artifacts\voice\local_clean_250_final_20260726.json and artifacts\voice\local_clean_250_final_20260726.md
benchmark wall time: 34.2s
