Traceback (most recent call last):
  File "/home/runner/work/carla_driving/carla_driving/submission/challenge/DOCKER_RUNTIME_BUILD_20261009/inspect_registry.py", line 114, in <module>
    main()
  File "/home/runner/work/carla_driving/carla_driving/submission/challenge/DOCKER_RUNTIME_BUILD_20261009/inspect_registry.py", line 63, in main
    manifest, tag_digest = read_json(endpoint + TAG, headers)
  File "/home/runner/work/carla_driving/carla_driving/submission/challenge/DOCKER_RUNTIME_BUILD_20261009/inspect_registry.py", line 27, in read_json
    with urllib.request.urlopen(req, timeout=45) as response:
  File "/usr/lib/python3.10/urllib/request.py", line 216, in urlopen
    return opener.open(url, data, timeout)
  File "/usr/lib/python3.10/urllib/request.py", line 525, in open
    response = meth(req, response)
  File "/usr/lib/python3.10/urllib/request.py", line 634, in http_response
    response = self.parent.error(
  File "/usr/lib/python3.10/urllib/request.py", line 563, in error
    return self._call_chain(*args)
  File "/usr/lib/python3.10/urllib/request.py", line 496, in _call_chain
    result = func(*args)
  File "/usr/lib/python3.10/urllib/request.py", line 643, in http_error_default
    raise HTTPError(req.full_url, code, msg, hdrs, fp)
urllib.error.HTTPError: HTTP Error 401: Unauthorized
