probe stage=connect host=127.0.0.1 port=2000
probe stage=world current_map=Carla/Maps/Town03_Opt
probe stage=spawn_ego
probe stage=attach sensor=rgb_front blueprint=sensor.camera.rgb
probe stage=attach sensor=lidar_roof blueprint=sensor.lidar.ray_cast
probe stage=stream mode=both profile=low requested_frames=1
probe stage=startup_wait attempt=1/20 frame=87180029 aligned=True streak=1/2 counts={'rgb_front': 1, 'lidar_roof': 1}
probe stage=startup_wait attempt=2/20 frame=87180030 aligned=False streak=0/2 counts={'rgb_front': 1, 'lidar_roof': 1}
probe stage=startup_wait attempt=3/20 frame=87180031 aligned=True streak=1/2 counts={'rgb_front': 2, 'lidar_roof': 2}
probe stage=startup_wait attempt=4/20 frame=87180032 aligned=True streak=2/2 counts={'rgb_front': 3, 'lidar_roof': 3}
probe progress=1/1 frame=87180033 counts={'rgb_front': 4, 'lidar_roof': 4}
probe progress=3600/1 frame=87183632 counts={'rgb_front': 3603, 'lidar_roof': 3603}
probe progress=7200/1 frame=87187232 counts={'rgb_front': 7203, 'lidar_roof': 7203}
probe progress=10800/1 frame=87190832 counts={'rgb_front': 10803, 'lidar_roof': 10803}
probe progress=14400/1 frame=87194432 counts={'rgb_front': 14403, 'lidar_roof': 14403}
probe progress=18000/1 frame=87198032 counts={'rgb_front': 18003, 'lidar_roof': 18003}
probe progress=21600/1 frame=87201632 counts={'rgb_front': 21603, 'lidar_roof': 21603}
probe progress=25200/1 frame=87205232 counts={'rgb_front': 25203, 'lidar_roof': 25203}
probe progress=28800/1 frame=87208832 counts={'rgb_front': 28803, 'lidar_roof': 28803}
probe progress=32400/1 frame=87212432 counts={'rgb_front': 32403, 'lidar_roof': 32403}
probe progress=36000/1 frame=87216032 counts={'rgb_front': 36003, 'lidar_roof': 36003}
probe progress=39600/1 frame=87219632 counts={'rgb_front': 39603, 'lidar_roof': 39603}
probe progress=43200/1 frame=87223232 counts={'rgb_front': 43203, 'lidar_roof': 43203}
probe progress=46800/1 frame=87226832 counts={'rgb_front': 46803, 'lidar_roof': 46803}
probe progress=50400/1 frame=87230432 counts={'rgb_front': 50403, 'lidar_roof': 50403}
probe progress=54000/1 frame=87234032 counts={'rgb_front': 54003, 'lidar_roof': 54003}
probe progress=57600/1 frame=87237632 counts={'rgb_front': 57603, 'lidar_roof': 57603}
probe progress=61200/1 frame=87241232 counts={'rgb_front': 61203, 'lidar_roof': 61203}
probe progress=64800/1 frame=87244832 counts={'rgb_front': 64803, 'lidar_roof': 64803}
probe progress=68400/1 frame=87248432 counts={'rgb_front': 68403, 'lidar_roof': 68403}
probe progress=72000/1 frame=87252032 counts={'rgb_front': 72003, 'lidar_roof': 72003}
probe progress=75600/1 frame=87255632 counts={'rgb_front': 75603, 'lidar_roof': 75603}
probe progress=79200/1 frame=87259232 counts={'rgb_front': 79203, 'lidar_roof': 79203}
probe progress=82800/1 frame=87262832 counts={'rgb_front': 82803, 'lidar_roof': 82803}
probe progress=86400/1 frame=87266432 counts={'rgb_front': 86403, 'lidar_roof': 86403}
probe progress=90000/1 frame=87270032 counts={'rgb_front': 90003, 'lidar_roof': 90003}
probe progress=93600/1 frame=87273632 counts={'rgb_front': 93603, 'lidar_roof': 93603}
probe progress=97200/1 frame=87277232 counts={'rgb_front': 97203, 'lidar_roof': 97203}
probe result={"aligned_frames": 100210, "callback_counts": {"lidar_roof": 100213, "rgb_front": 100213}, "duration_s": 3607.802, "frame_bounds": {"lidar_roof": [87180029, 87280242], "rgb_front": [87180029, 87280242]}, "invalid_callbacks": {"lidar_roof": 0, "rgb_front": 0}, "map_name": "Carla/Maps/Town03_Opt", "mode": "both", "profile": "low", "reason": "requested aligned frames received", "requested_frames": 1, "success": true}
