=== d3_wave2_safe_short_v1 ===
pass schema  : B1_SIGNED_PASS (assurance: signed)
signed gate  : B1_SIGNED_PASS / status PASS at 2026-09-24T16:18:37.686795+00:00
digests      : claimed=['integrity_report_sha256', 'release_lock_sha256', 'release_manifest_sha256'] not_claimed=[] not_recomputable=['image_set_canonical_sha256']
integrity    : source=b1_release_lock.sha256
locked files : 11 checked; 10 matched only after CRLF->LF normalisation (eol mode: auto)
images       : 374 checked
train_addition.jsonl           rows=318  no_request=0 no_plan=0 rgb_unresolved=0 rgb_mismatch=0 {'COMPLEX': 90, 'SAFETY_CRITICAL': 97, 'NORMAL': 131}
val_addition.jsonl             rows=56   no_request=0 no_plan=0 rgb_unresolved=0 rgb_mismatch=0 {'COMPLEX': 24, 'NORMAL': 15, 'SAFETY_CRITICAL': 17}
hard_negative_addition.jsonl   rows=0    no_request=0 no_plan=0 rgb_unresolved=0 rgb_mismatch=0 {}
failures     : 0
status       : PASS
=== d3_targeted_gap_strict_v1 ===
pass schema  : B1_SIGNED_PASS (assurance: signed)
signed gate  : (not claimed) / status PASS at (not stamped)
digests      : claimed=['release_manifest_sha256'] not_claimed=['release_lock_sha256', 'integrity_report_sha256'] not_recomputable=[]
integrity    : source=b1_release_lock.sha256
locked files : 672 checked; 11 matched only after CRLF->LF normalisation (eol mode: auto)
images       : 660 checked
train_addition.jsonl           rows=561  no_request=0 no_plan=0 rgb_unresolved=0 rgb_mismatch=0 {'COMPLEX': 295, 'NORMAL': 234, 'SAFETY_CRITICAL': 32}
val_addition.jsonl             rows=99   no_request=0 no_plan=0 rgb_unresolved=0 rgb_mismatch=0 {'NORMAL': 46, 'COMPLEX': 45, 'SAFETY_CRITICAL': 8}
hard_negative_addition.jsonl   rows=0    no_request=0 no_plan=0 rgb_unresolved=0 rgb_mismatch=0 {}
failures     : 0
status       : PASS
=== d3_turn_gap_60_strict_v1 ===
pass schema  : B1_CONTENT_BOUND_PASS (assurance: content_bound_unsigned, signature_status: CONTENT_BOUND_UNSIGNED)
signed gate  : (not claimed) / status PASS at (not stamped)
digests      : claimed=[] not_claimed=['release_lock_sha256', 'release_manifest_sha256', 'integrity_report_sha256'] not_recomputable=[]
content bind : match=True declared=1f264294f76fbf31765ed336e8a6393525abde3a8c4e31f1f8143df4cd108800 canonical=json.dumps(payload, sort_keys=True, separators=(',', ':'))
integrity    : source=b1_release_lock.sha256
locked files : 211 checked; 10 matched only after CRLF->LF normalisation (eol mode: auto)
images       : 200 checked
train_addition.jsonl           rows=171  no_request=0 no_plan=0 rgb_unresolved=0 rgb_mismatch=0 {'COMPLEX': 18, 'NORMAL': 135, 'SAFETY_CRITICAL': 18}
val_addition.jsonl             rows=29   no_request=0 no_plan=0 rgb_unresolved=0 rgb_mismatch=0 {'NORMAL': 25, 'COMPLEX': 2, 'SAFETY_CRITICAL': 2}
hard_negative_addition.jsonl   rows=0    no_request=0 no_plan=0 rgb_unresolved=0 rgb_mismatch=0 {}
failures     : 0
status       : PASS
=== d3_gap300_strict_v1 ===
pass schema  : B1_CONTENT_BOUND_PASS (assurance: content_bound_unsigned)
signed gate  : (not claimed) / status PASS at (not stamped)
digests      : claimed=['release_manifest_sha256'] not_claimed=['release_lock_sha256', 'integrity_report_sha256'] not_recomputable=[]
content bind : match=None declared=None canonical=None
integrity    : source=b1_release_lock.sha256
locked files : 832 checked; 11 matched only after CRLF->LF normalisation (eol mode: auto)
images       : 820 checked
train_addition.jsonl           rows=697  no_request=0 no_plan=0 rgb_unresolved=0 rgb_mismatch=0 {'SAFETY_CRITICAL': 63, 'NORMAL': 563, 'COMPLEX': 71}
val_addition.jsonl             rows=123  no_request=0 no_plan=0 rgb_unresolved=0 rgb_mismatch=0 {'NORMAL': 102, 'SAFETY_CRITICAL': 12, 'COMPLEX': 9}
hard_negative_addition.jsonl   rows=0    no_request=0 no_plan=0 rgb_unresolved=0 rgb_mismatch=0 {}
failures     : 0
status       : PASS
=== b1_ms34_supplement_v1 ===
pass schema  : B1_CONTENT_BOUND_PASS (assurance: content_bound_unsigned, signature_status: CONTENT_BOUND_UNSIGNED)
signed gate  : (not claimed) / status PASS at (not stamped)
digests      : claimed=[] not_claimed=['release_lock_sha256', 'release_manifest_sha256', 'integrity_report_sha256'] not_recomputable=[]
content bind : match=True declared=405e615f7935df293d3efe037898659452c3f87b74703d56d5f230e74b529b45 canonical=json.dumps(payload, sort_keys=True, separators=(',', ':'))
integrity    : source=release_manifest.json:files
locked files : 9 checked; 9 matched only after CRLF->LF normalisation (eol mode: auto)
images       : 35 checked
train_addition.jsonl           rows=30   no_request=0 no_plan=0 rgb_unresolved=0 rgb_mismatch=0 {'SAFETY_CRITICAL': 30}
val_addition.jsonl             rows=4    no_request=0 no_plan=0 rgb_unresolved=0 rgb_mismatch=0 {'SAFETY_CRITICAL': 4}
hard_negative_addition.jsonl   rows=1    no_request=0 no_plan=0 rgb_unresolved=0 rgb_mismatch=0 {'SAFETY_CRITICAL': 1}
failures     : 0
status       : PASS
