[UCP]: log level = 3
[UCP]: UCP version = 3.15.8
[VP]: log level = 3
[DNN]: log level = 3
[HPL]: log level = 3
[UCPT]: log level = 6
/open_explorer/samples/ucp_tutorial/tools/hrt_model_exec/output_shared_J6_x86/x86/bin/hrt_model_exec model_info --model_file=/work/student/.hb_compile/student_v0_fp32.hbm
[DNN]: 3.15.8_(4.11.11 HBRT)
Load model to DDR cost 314.206ms.
This model file has 1 model:
[student_v0_fp32]
---------------------------------------------------------------------
[model name]: student_v0_fp32

[model desc]: {"BUILDER_VERSION": "3.5.16", "HBDK_VERSION": "4.11.11", "HBDK_RUNTIME_VERSION": null, "HMCT_VERSION": "2.8.4", "CAFFE_MODEL": null, "PROTOTXT": null, "ONNX_MODEL": "/work/student/student_v0_fp32.onnx", "MARCH": "nash-p", "LAYER_OUT_DUMP": "False", "LOG_LEVEL": null, "WORKING_DIR": "/work/student/.hb_compile", "MODEL_PREFIX": "student_v0_fp32", "OUTPUT_NODES": "", "REMOVE_NODE_TYPE": "", "REMOVE_NODE_NAME": "", "DEBUG_MODE": "", "NODE_INFO": "{}", "ENABLE_VPU": "True", "ENABLE_SPU": "True", "INPUT_NAMES": "rgb;text_tokens;targets;state", "INPUT_SPACE_AND_RANGE": "regular;regular;regular;regular", "INPUT_TYPE_RT": "featuremap;featuremap;featuremap;featuremap", "INPUT_TYPE_TRAIN": "featuremap;featuremap;featuremap;featuremap", "INPUT_LAYOUT_TRAIN": "", "INPUT_LAYOUT_RT": "", "NORM_TYPE": "no_preprocess;no_preprocess;no_preprocess;no_preprocess", "MEAN_VALUE": "[];[];[];[]", "SCALE_VALUE": "[];[];[];[]", "STD_VALUE": "[];[];[];[]", "INPUT_SHAPE": "1x3x224x224;1x32;1x8x14;1x64", "INPUT_BATCH": "", "SEPARATE_BATCH": "False", "SEPARATE_NAME": "", "CUSTOM_OP_METHOD": null, "CUSTOM_OP_DIR": null, "CUSTOM_OP_REGISTER_FILES": "", "OPTIMIZATION": "", "CALI_TYPE": "skip", "CAL_DATA_DIR": "", "PER_CHANNEL": "False", "MAX_PERCENTILE": "None", "RUN_ON_CPU": "", "RUN_ON_BPU": "", "QUANT_CONFIG": null, "ADVICE": 0.0, "DEBUG": "True", "OPTIMIZE_LEVEL": "O0", "COMPILE_MODE": "latency", "CORE_NUM": 1, "MAX_TIME_PER_FC": 0, "BALANCE_FACTOR": 100, "ABILITY_ENTRY": null, "INPUT_SOURCE": {"rgb": "ddr", "text_tokens": "ddr", "targets": "ddr", "state": "ddr"}, "hbdk3_compatible_mode": null, "cache_mode": "disable", "cache_path": "", "max_l2m_size": 0, "CALI_EXTRA_PARAM": {}, "EXTRA_PARAMS": {}}
input[0]:
name: rgb
valid shape: (1,3,224,224)
aligned byte size: 602112
tensor type: HB_DNN_TENSOR_TYPE_F32
quanti type: NONE
stride: (602112,200704,896,4)

input[1]:
name: text_tokens
valid shape: (1,32)
aligned byte size: 256
tensor type: HB_DNN_TENSOR_TYPE_F32
quanti type: NONE
stride: (128,4)

input[2]:
name: targets
valid shape: (1,8,14)
aligned byte size: 512
tensor type: HB_DNN_TENSOR_TYPE_F32
quanti type: NONE
stride: (512,64,4)

input[3]:
name: state
valid shape: (1,64)
aligned byte size: 256
tensor type: HB_DNN_TENSOR_TYPE_F32
quanti type: NONE
stride: (256,4)

output[0]:
name: plan_length_logits
valid shape: (1,4)
aligned byte size: 256
tensor type: HB_DNN_TENSOR_TYPE_F32
quanti type: NONE
stride: (16,4)

output[1]:
name: behavior_logits
valid shape: (1,4,14)
aligned byte size: 256
tensor type: HB_DNN_TENSOR_TYPE_F32
quanti type: NONE
stride: (256,64,4)

output[2]:
name: target_pointer_logits
valid shape: (1,4,9)
aligned byte size: 256
tensor type: HB_DNN_TENSOR_TYPE_F32
quanti type: NONE
stride: (256,64,4)

output[3]:
name: target_lane_logits
valid shape: (1,4,6)
aligned byte size: 256
tensor type: HB_DNN_TENSOR_TYPE_F32
quanti type: NONE
stride: (128,32,4)

output[4]:
name: target_speed_mps
valid shape: (1,4)
aligned byte size: 256
tensor type: HB_DNN_TENSOR_TYPE_F32
quanti type: NONE
stride: (16,4)

output[5]:
name: completion_type_logits
valid shape: (1,4,8)
aligned byte size: 256
tensor type: HB_DNN_TENSOR_TYPE_F32
quanti type: NONE
stride: (128,32,4)

output[6]:
name: on_failure_logits
valid shape: (1,4,4)
aligned byte size: 256
tensor type: HB_DNN_TENSOR_TYPE_F32
quanti type: NONE
stride: (64,16,4)

output[7]:
name: confidence
valid shape: (1,1)
aligned byte size: 256
tensor type: HB_DNN_TENSOR_TYPE_F32
quanti type: NONE
stride: (4,4)

output[8]:
name: requires_confirmation_logits
valid shape: (1,1)
aligned byte size: 256
tensor type: HB_DNN_TENSOR_TYPE_F32
quanti type: NONE
stride: (4,4)

output[9]:
name: replan_condition_logits
valid shape: (1,7)
aligned byte size: 256
tensor type: HB_DNN_TENSOR_TYPE_F32
quanti type: NONE
stride: (28,4)

---------------------------------------------------------------------

