[model desc]: {"BUILDER_VERSION": "3.5.16", "HBDK_VERSION": "4.11.11", "HBDK_RUNTIME_VERSION": null, "HMCT_VERSION": "2.8.4", "CAFFE_MODEL": null, "PROTOTXT": null, "ONNX_MODEL": "/work/student/student_v0_fp32.onnx", "MARCH": "nash-p", "LAYER_OUT_DUMP": "False", "LOG_LEVEL": null, "WORKING_DIR": "/work/student/.hb_compile_cal", "MODEL_PREFIX": "student_v0_fp32_cal", "OUTPUT_NODES": "", "REMOVE_NODE_TYPE": "", "REMOVE_NODE_NAME": "", "DEBUG_MODE": "", "NODE_INFO": "{}", "ENABLE_VPU": "True", "ENABLE_SPU": "True", "INPUT_NAMES": "rgb;text_tokens;targets;state", "INPUT_SPACE_AND_RANGE": "regular;regular;regular;regular", "INPUT_TYPE_RT": "featuremap;featuremap;featuremap;featuremap", "INPUT_TYPE_TRAIN": "featuremap;featuremap;featuremap;featuremap", "INPUT_LAYOUT_TRAIN": "", "INPUT_LAYOUT_RT": "", "NORM_TYPE": "no_preprocess;no_preprocess;no_preprocess;no_preprocess", "MEAN_VALUE": "[];[];[];[]", "SCALE_VALUE": "[];[];[];[]", "STD_VALUE": "[];[];[];[]", "INPUT_SHAPE": "1x3x224x224;1x32;1x8x14;1x64", "INPUT_BATCH": "", "SEPARATE_BATCH": "False", "SEPARATE_NAME": "", "CUSTOM_OP_METHOD": null, "CUSTOM_OP_DIR": null, "CUSTOM_OP_REGISTER_FILES": "", "OPTIMIZATION": "", "CALI_TYPE": "default", "CAL_DATA_DIR": "/work/cal/rgb;/work/cal/text_tokens;/work/cal/targets;/work/cal/state", "PER_CHANNEL": "False", "MAX_PERCENTILE": "None", "RUN_ON_CPU": "", "RUN_ON_BPU": "", "QUANT_CONFIG": null, "ADVICE": 0.0, "DEBUG": "True", "OPTIMIZE_LEVEL": "O2", "COMPILE_MODE": "latency", "CORE_NUM": 1, "MAX_TIME_PER_FC": 0, "BALANCE_FACTOR": 100, "ABILITY_ENTRY": null, "INPUT_SOURCE": {"rgb": "ddr", "text_tokens": "ddr", "targets": "ddr", "state": "ddr"}, "hbdk3_compatible_mode": null, "cache_mode": "disable", "cache_path": "", "max_l2m_size": 0, "CALI_EXTRA_PARAM": {}, "EXTRA_PARAMS": {}}
name: rgb
valid shape: (1,3,224,224)
aligned byte size: 602112
stride: (602112,200704,896,4)
name: text_tokens
valid shape: (1,32)
aligned byte size: 256
stride: (128,4)
name: targets
valid shape: (1,8,14)
aligned byte size: 512
stride: (512,64,4)
name: state
valid shape: (1,64)
aligned byte size: 256
stride: (256,4)
name: plan_length_logits
valid shape: (1,4)
aligned byte size: 256
stride: (16,4)
name: behavior_logits
valid shape: (1,4,14)
aligned byte size: 256
stride: (256,64,4)
name: target_pointer_logits
valid shape: (1,4,9)
aligned byte size: 256
stride: (256,64,4)
name: target_lane_logits
valid shape: (1,4,6)
aligned byte size: 256
stride: (128,32,4)
name: target_speed_mps
valid shape: (1,4)
aligned byte size: 256
stride: (16,4)
name: completion_type_logits
valid shape: (1,4,8)
aligned byte size: 256
stride: (128,32,4)
name: on_failure_logits
valid shape: (1,4,4)
aligned byte size: 256
stride: (64,16,4)
name: confidence
valid shape: (1,1)
aligned byte size: 256
stride: (4,4)
name: requires_confirmation_logits
valid shape: (1,1)
aligned byte size: 256
stride: (4,4)
name: replan_condition_logits
valid shape: (1,7)
aligned byte size: 256
stride: (28,4)
