2026-09-25 13:04:35,671 WARNING Please note that the parameter norm_type has been deprecated and will be determined by the specification of the mean/scale/std parameters
2026-09-25 13:04:35,685 WARNING The input node rgb's input_source is not be specified, it will be specified as None by default
2026-09-25 13:04:35,688 WARNING The input node text_tokens's input_source is not be specified, it will be specified as None by default
2026-09-25 13:04:35,691 WARNING The input node targets's input_source is not be specified, it will be specified as None by default
2026-09-25 13:04:35,694 WARNING The input node state's input_source is not be specified, it will be specified as None by default
2026-09-25 13:04:35,708 INFO Processing calibration set data for input[rgb]
2026-09-25 13:04:35,865 INFO First calibration picture name: /work/cal_d3w2/rgb/sample_0000.npy
2026-09-25 13:04:35,884 INFO First calibration picture md5: 2a3c8a57a4c5dc97f7b6cefd3e5b04a3
2026-09-25 13:04:36,818 INFO Processing calibration set data for input[text_tokens]
2026-09-25 13:04:37,191 INFO First calibration picture name: /work/cal_d3w2/text_tokens/sample_0000.npy
2026-09-25 13:04:37,196 INFO First calibration picture md5: 6416c03adb6ae86b1e952c30ff028a66
2026-09-25 13:04:37,745 INFO Processing calibration set data for input[targets]
2026-09-25 13:04:37,965 INFO First calibration picture name: /work/cal_d3w2/targets/sample_0000.npy
2026-09-25 13:04:37,972 INFO First calibration picture md5: 8f4a1af34aa687cac481c8d50e0324ae
2026-09-25 13:04:38,500 INFO Processing calibration set data for input[state]
2026-09-25 13:04:38,751 INFO First calibration picture name: /work/cal_d3w2/state/sample_0000.npy
2026-09-25 13:04:38,758 INFO First calibration picture md5: 9baa6444b50b86966d909397d0b906f9
2026-09-25 13:04:42,825 INFO The activation calibration configuration:
    calibration_type:     ['max', 'kl']
2026-09-25 13:04:42,894 INFO Provided calibration data md5: f38ba5a3ee03eb06f908c20d6a29ae3f
2026-09-25 13:04:44,743 INFO Run calibration model with modelwise search method.
calibration in progress:   0%|          | 0/8 [00:00<?, ?it/s]2026-09-25 13:04:45.450337840 [E:onnxruntime:, sequential_executor.cc:516 ExecuteKernel] Non-zero status code returned while running Reshape node. Name:'/model/vision_encoder/projection/Gemm_transpose_in_reshape' Status Message: /onnxruntime_src/onnxruntime/core/providers/cpu/tensor/reshape_helper.h:45 onnxruntime::ReshapeHelper::ReshapeHelper(const onnxruntime::TensorShape&, onnxruntime::TensorShapeVector&, bool) input_shape_size == size was false. The input tensor cannot be reshaped to the requested shape. Input shape:{8,384,3,3}, requested shape:{1,3456,1,1}
calibration in progress:   0%|          | 0/8 [00:00<?, ?it/s]
calibration in progress:   0%|          | 0/64 [00:00<?, ?it/s]
calibration in progress:   2%|▏         | 1/64 [00:00<00:11,  5.64it/s]
calibration in progress:   3%|▎         | 2/64 [00:00<00:10,  5.99it/s]
calibration in progress:   5%|▍         | 3/64 [00:00<00:09,  6.29it/s]
calibration in progress:   6%|▋         | 4/64 [00:00<00:09,  6.17it/s]
calibration in progress:   8%|▊         | 5/64 [00:00<00:09,  6.20it/s]
calibration in progress:   9%|▉         | 6/64 [00:00<00:09,  6.23it/s]
calibration in progress:  11%|█         | 7/64 [00:01<00:09,  6.26it/s]
calibration in progress:  12%|█▎        | 8/64 [00:01<00:08,  6.24it/s]
calibration in progress:  14%|█▍        | 9/64 [00:01<00:08,  6.25it/s]
calibration in progress:  16%|█▌        | 10/64 [00:01<00:08,  6.40it/s]
calibration in progress:  17%|█▋        | 11/64 [00:01<00:08,  6.42it/s]
calibration in progress:  19%|█▉        | 12/64 [00:01<00:08,  6.40it/s]
calibration in progress:  20%|██        | 13/64 [00:02<00:08,  6.29it/s]
calibration in progress:  22%|██▏       | 14/64 [00:02<00:07,  6.48it/s]
calibration in progress:  23%|██▎       | 15/64 [00:02<00:07,  6.47it/s]
calibration in progress:  25%|██▌       | 16/64 [00:02<00:07,  6.69it/s]
calibration in progress:  27%|██▋       | 17/64 [00:02<00:06,  6.98it/s]
calibration in progress:  28%|██▊       | 18/64 [00:02<00:06,  6.69it/s]
calibration in progress:  30%|██▉       | 19/64 [00:02<00:06,  6.65it/s]
calibration in progress:  31%|███▏      | 20/64 [00:03<00:06,  6.31it/s]
calibration in progress:  33%|███▎      | 21/64 [00:03<00:06,  6.42it/s]
calibration in progress:  34%|███▍      | 22/64 [00:03<00:06,  6.45it/s]
calibration in progress:  36%|███▌      | 23/64 [00:03<00:06,  6.32it/s]
calibration in progress:  38%|███▊      | 24/64 [00:03<00:06,  6.23it/s]
calibration in progress:  39%|███▉      | 25/64 [00:03<00:06,  6.22it/s]
calibration in progress:  41%|████      | 26/64 [00:04<00:06,  6.24it/s]
calibration in progress:  42%|████▏     | 27/64 [00:04<00:06,  5.98it/s]
calibration in progress:  44%|████▍     | 28/64 [00:04<00:06,  5.92it/s]
calibration in progress:  45%|████▌     | 29/64 [00:04<00:06,  5.77it/s]
calibration in progress:  47%|████▋     | 30/64 [00:04<00:05,  5.86it/s]
calibration in progress:  48%|████▊     | 31/64 [00:04<00:05,  5.88it/s]
calibration in progress:  50%|█████     | 32/64 [00:05<00:05,  5.85it/s]
calibration in progress:  52%|█████▏    | 33/64 [00:05<00:05,  5.97it/s]
calibration in progress:  53%|█████▎    | 34/64 [00:05<00:05,  5.97it/s]
calibration in progress:  55%|█████▍    | 35/64 [00:05<00:04,  6.10it/s]
calibration in progress:  56%|█████▋    | 36/64 [00:05<00:04,  6.24it/s]
calibration in progress:  58%|█████▊    | 37/64 [00:05<00:04,  6.10it/s]
calibration in progress:  59%|█████▉    | 38/64 [00:06<00:04,  6.11it/s]
calibration in progress:  61%|██████    | 39/64 [00:06<00:04,  6.08it/s]
calibration in progress:  62%|██████▎   | 40/64 [00:06<00:04,  5.93it/s]
calibration in progress:  64%|██████▍   | 41/64 [00:06<00:03,  5.94it/s]
calibration in progress:  66%|██████▌   | 42/64 [00:06<00:03,  5.83it/s]
calibration in progress:  67%|██████▋   | 43/64 [00:06<00:03,  5.82it/s]
calibration in progress:  69%|██████▉   | 44/64 [00:07<00:03,  5.94it/s]
calibration in progress:  70%|███████   | 45/64 [00:07<00:03,  5.90it/s]
calibration in progress:  72%|███████▏  | 46/64 [00:07<00:03,  5.83it/s]
calibration in progress:  73%|███████▎  | 47/64 [00:07<00:02,  5.87it/s]
calibration in progress:  75%|███████▌  | 48/64 [00:07<00:02,  5.89it/s]
calibration in progress:  77%|███████▋  | 49/64 [00:07<00:02,  5.89it/s]
calibration in progress:  78%|███████▊  | 50/64 [00:08<00:02,  5.96it/s]
calibration in progress:  80%|███████▉  | 51/64 [00:08<00:02,  5.98it/s]
calibration in progress:  81%|████████▏ | 52/64 [00:08<00:02,  5.92it/s]
calibration in progress:  83%|████████▎ | 53/64 [00:08<00:01,  5.94it/s]
calibration in progress:  84%|████████▍ | 54/64 [00:08<00:01,  5.94it/s]
calibration in progress:  86%|████████▌ | 55/64 [00:08<00:01,  5.96it/s]
calibration in progress:  88%|████████▊ | 56/64 [00:09<00:01,  5.99it/s]
calibration in progress:  89%|████████▉ | 57/64 [00:09<00:01,  5.89it/s]
calibration in progress:  91%|█████████ | 58/64 [00:09<00:01,  6.00it/s]
calibration in progress:  92%|█████████▏| 59/64 [00:09<00:00,  5.88it/s]
calibration in progress:  94%|█████████▍| 60/64 [00:09<00:00,  5.91it/s]
calibration in progress:  95%|█████████▌| 61/64 [00:10<00:00,  5.93it/s]
calibration in progress:  97%|█████████▋| 62/64 [00:10<00:00,  5.93it/s]
calibration in progress:  98%|█████████▊| 63/64 [00:10<00:00,  6.03it/s]
calibration in progress: 100%|██████████| 64/64 [00:10<00:00,  5.84it/s]
calibration in progress: 100%|██████████| 64/64 [00:10<00:00,  6.09it/s]
2026-09-25 13:05:06,912 INFO | ...sion_encoder/features/features.0/Conv | Conv        | BPU | 2.570283  | 0.999887          | 0.999956         | si8              |
2026-09-25 13:05:06,915 INFO | ...sion_encoder/features/features.1/Relu | Relu        | BPU | fused     | 0.999958          | 0.999956         | si8              |
2026-09-25 13:05:06,919 INFO | ...sion_encoder/features/features.2/Conv | Conv        | BPU | 9.422052  | 0.999914          | 0.999862         | si8              |
2026-09-25 13:05:06,923 INFO | ...sion_encoder/features/features.3/Relu | Relu        | BPU | fused     | 0.999862          | 0.999862         | si8              |
2026-09-25 13:05:06,927 INFO | ...sion_encoder/features/features.4/Conv | Conv        | BPU | 7.484782  | 0.999821          | 0.999780         | si8              |
2026-09-25 13:05:06,931 INFO | ...sion_encoder/features/features.5/Relu | Relu        | BPU | fused     | 0.999778          | 0.999780         | si8              |
2026-09-25 13:05:06,934 INFO | ...sion_encoder/features/features.6/Conv | Conv        | BPU | 9.798628  | 0.999752          | 0.999673         | si8              |
2026-09-25 13:05:06,967 INFO | ...sion_encoder/features/features.7/Relu | Relu        | BPU | fused     | 0.999674          | 0.999673         | si8              |
2026-09-25 13:05:06,973 INFO | ...sion_encoder/features/features.8/Conv | Conv        | BPU | 9.105818  | 0.999596          | 0.999582         | si8              |
2026-09-25 13:05:06,976 INFO | ...sion_encoder/features/features.9/Relu | Relu        | BPU | fused     | 0.999579          | 0.999582         | si8              |
2026-09-25 13:05:06,979 INFO | /model/vision_encoder/pool/AveragePool   | AveragePool | BPU | 7.383876  | 0.999742          | 0.999733         | si8              |
2026-09-25 13:05:06,982 INFO | .../projection/Gemm_transpose_in_reshape | Reshape     | BPU | 7.383876  | 0.999742          | 0.999733         | si8              |
2026-09-25 13:05:06,985 INFO | /model/vision_encoder/projection/Gemm    | Conv        | BPU | 7.383876  | 0.999732          | 0.999645         | si8              |
2026-09-25 13:05:06,988 INFO | /model/vision_encoder/activation/Relu    | Relu        | BPU | fused     | 0.999651          | 0.999645         | si8              |
2026-09-25 13:05:06,991 INFO | ...rs/layers.0/Gemm_transpose_in_reshape | Reshape     | BPU | 0.996292  | 0.999982          | 0.999982         | si8              |
2026-09-25 13:05:06,994 INFO | /model/text_encoder/layers/layers.0/Gemm | Conv        | BPU | 0.996292  | 0.999974          | 0.999957         | si8              |
2026-09-25 13:05:06,997 INFO | /model/text_encoder/layers/layers.1/Relu | Relu        | BPU | fused     | 0.999957          | 0.999957         | si8              |
2026-09-25 13:05:07,000 INFO | /model/text_encoder/layers/layers.2/Gemm | Conv        | BPU | 0.329597  | 0.999950          | 0.983184         | si8              |
2026-09-25 13:05:07,002 INFO | /model/text_encoder/layers/layers.3/Relu | Relu        | BPU | fused     | 0.983184          | 0.983184         | si8              |
2026-09-25 13:05:07,004 INFO | ...rs/layers.0/Gemm_transpose_in_reshape | Reshape     | BPU | 1.0       | 0.999998          | 0.999998         | si8              |
2026-09-25 13:05:07,007 INFO | ...l/target_encoder/layers/layers.0/Gemm | Conv        | BPU | 1.0       | 0.999991          | 0.999962         | si8              |
2026-09-25 13:05:07,009 INFO | ...l/target_encoder/layers/layers.1/Relu | Relu        | BPU | fused     | 0.999962          | 0.999962         | si8              |
2026-09-25 13:05:07,011 INFO | ...l/target_encoder/layers/layers.2/Gemm | Conv        | BPU | 0.509055  | 0.999956          | 0.990425         | si8              |
2026-09-25 13:05:07,013 INFO | ...l/target_encoder/layers/layers.3/Relu | Relu        | BPU | fused     | 0.990425          | 0.990425         | si8              |
2026-09-25 13:05:07,016 INFO | ...rs/layers.0/Gemm_transpose_in_reshape | Reshape     | BPU | 1.0       | 0.999999          | 0.999999         | si8              |
2026-09-25 13:05:07,017 INFO | ...el/state_encoder/layers/layers.0/Gemm | Conv        | BPU | 1.0       | 0.999992          | 0.999953         | si8              |
2026-09-25 13:05:07,019 INFO | ...el/state_encoder/layers/layers.1/Relu | Relu        | BPU | fused     | 0.999953          | 0.999953         | si8              |
2026-09-25 13:05:07,021 INFO | ...el/state_encoder/layers/layers.2/Gemm | Conv        | BPU | 0.766982  | 0.999952          | 0.995120         | si8              |
2026-09-25 13:05:07,023 INFO | ...el/state_encoder/layers/layers.3/Relu | Relu        | BPU | fused     | 0.995120          | 0.995120         | si8              |
2026-09-25 13:05:07,025 INFO | /model/Concat                            | Concat      | BPU | 6.220904  | 0.999566          | 0.999561         | si8              |
2026-09-25 13:05:07,028 INFO | /model/fusion/fusion.0/Gemm              | Conv        | BPU | 6.220904  | 0.999569          | 0.999537         | si8              |
2026-09-25 13:05:07,031 INFO | /model/fusion/fusion.1/Relu              | Relu        | BPU | fused     | 0.999553          | 0.999537         | si8              |
2026-09-25 13:05:07,033 INFO | /model/fusion/fusion.2/Gemm              | Conv        | BPU | 2.10949   | 0.999557          | 0.999482         | si8              |
2026-09-25 13:05:07,036 INFO | /model/fusion/fusion.3/Relu              | Relu        | BPU | fused     | 0.999515          | 0.999482         | si8              |
2026-09-25 13:05:07,038 INFO | /model/fusion/fusion.4/Gemm              | Conv        | BPU | 1.409995  | 0.999478          | 0.999455         | si8              |
2026-09-25 13:05:07,040 INFO | /model/fusion/fusion.5/Relu              | Relu        | BPU | fused     | 0.999490          | 0.999455         | si8              |
2026-09-25 13:05:07,043 INFO | /model/plan_length_head/Gemm             | Conv        | BPU | 1.154281  | 0.999901          | 0.999389         | f32              |
2026-09-25 13:05:07,045 INFO | .../plan_length_head/Gemm_reshape_output | Reshape     | BPU | fused     | 0.999901          | 0.999389         | f32              |
2026-09-25 13:05:07,047 INFO | /model/behavior_head/Gemm                | Conv        | BPU | 1.154281  | 0.999576          | 0.999394         | f32              |
2026-09-25 13:05:07,049 INFO | /model/Reshape                           | Reshape     | BPU | fused     | 0.999576          | 0.999394         | f32              |
2026-09-25 13:05:07,051 INFO | /model/target_pointer_head/Gemm          | Conv        | BPU | 1.154281  | 0.999396          | 0.999223         | f32              |
2026-09-25 13:05:07,053 INFO | /model/Reshape_1                         | Reshape     | BPU | fused     | 0.999396          | 0.999223         | f32              |
2026-09-25 13:05:07,055 INFO | /model/target_lane_head/Gemm             | Conv        | BPU | 1.154281  | 0.999323          | 0.998787         | f32              |
2026-09-25 13:05:07,057 INFO | /model/Reshape_2                         | Reshape     | BPU | fused     | 0.999323          | 0.998787         | f32              |
2026-09-25 13:05:07,059 INFO | /model/target_speed_head/Gemm            | Conv        | BPU | 1.154281  | 0.998132          | 0.998132         | si8              |
2026-09-25 13:05:07,061 INFO | /model/Sigmoid                           | Sigmoid     | BPU | 5.49897   | 0.999941          | fused            | fused            |
2026-09-25 13:05:07,063 INFO | /model/Mul                               | Mul         | BPU | 0.995926  | 0.999941          | 0.999941         | si16             |
2026-09-25 13:05:07,065 INFO | /model/Mul_target_speed_mps_Reshape      | Reshape     | BPU | 30.795166 | 0.999941          | 0.999941         | f32,si16         |
2026-09-25 13:05:07,066 INFO | /model/completion_head/Gemm              | Conv        | BPU | 1.154281  | 0.999485          | 0.999246         | f32              |
2026-09-25 13:05:07,067 INFO | /model/Reshape_4                         | Reshape     | BPU | fused     | 0.999485          | 0.999246         | f32              |
2026-09-25 13:05:07,069 INFO | /model/failure_head/Gemm                 | Conv        | BPU | 1.154281  | 0.999401          | 0.998853         | f32              |
2026-09-25 13:05:07,070 INFO | /model/Reshape_5                         | Reshape     | BPU | fused     | 0.999401          | 0.998853         | f32              |
2026-09-25 13:05:07,072 INFO | /model/confidence_head/Gemm              | Conv        | BPU | 1.154281  | 1.000000          | 1.000000         | si16             |
2026-09-25 13:05:07,074 INFO | /model/Sigmoid_1                         | Sigmoid     | BPU | 11.09031  | 1.000000          | 1.000000         | fused            |
2026-09-25 13:05:07,075 INFO | /model/Sigmoid_1_confidence_Reshape      | Reshape     | BPU | 0.999985  | 1.000000          | 1.000000         | f32,si16         |
2026-09-25 13:05:07,076 INFO | /model/confirmation_head/Gemm            | Conv        | BPU | 1.154281  | 1.000000          | fused            | fused            |
2026-09-25 13:05:07,078 INFO | ...confirmation_head/Gemm_reshape_output | Reshape     | BPU | fused     | 1.000000          | 1.000000         | f32              |
2026-09-25 13:05:07,079 INFO | /model/replan_head/Gemm                  | Conv        | BPU | 1.154281  | 0.999260          | 0.997861         | f32              |
2026-09-25 13:05:07,080 INFO | /model/replan_head/Gemm_reshape_output   | Reshape     | BPU | fused     | 0.999260          | 0.997861         | f32              |
2026-09-25 13:05:24,602 INFO BPU march           : nash-p
2026-09-25 13:05:24,699 INFO ############# calibration_parameters info #############
2026-09-25 13:05:24,705 INFO calibration_type    : default
2026-09-25 13:05:24,739 INFO ############# memory info #############
2026-09-25 13:05:24,745 INFO input memory        : 603136
2026-09-25 13:05:24,748 INFO output memory       : 2560
2026-09-25 13:05:24,751 INFO static memory       : 23580176
2026-09-25 13:05:24,753 INFO dynamic memory      : 605696
2026-09-25 13:05:24,755 INFO intermediate memory : 0
2026-09-25 13:05:24,757 INFO temporary memory    : 0
2026-09-25 13:05:24,759 INFO min memory requirement: 24185872
2026-09-25 13:05:24,903 INFO The hb_compile completes running.
